Error type B at Line 11: Redundant semicolon
Error type B at Line 5: Missing closing parenthesis '}'
