Error type 15 at Line 6: redefine the same structure type: Child
