Error type 1 at Line 10: a variable is used without a definition: a
Error type 2 at Line 11: a function is invoked without a definition: comp
