Error type 2 at Line 8: a function is invoked without a definition: add
