Error type B at Line 2: Missing declaration content
