Error type 14 at Line 10: accessing an undefined structure member: age
Error type 14 at Line 12: accessing an undefined structure member: weight
