Error type A at Line 2: unknown lexeme @
Error type B at Line 2: Invalid array declaration
