Error type 5 at Line 6: unmatching types appear at both sides of the assignment operator (=): LHS is int, but RHS is float.
