Error type 4 at Line 5: a function is redefined: redef
