Error type 7 at Line 10: unmatching operands: LHS is struct Apple, but RHS is int.
