Error type 4 at Line 7: a function is redefined: compare
