Error type 10 at Line 17: applying indexing operator on non-array type variables: get int.
