Error type 1 at Line 5: a variable is used without a definition: x3
