Error type 12 at Line 15: array indexing with a non-integer type expression: get float.
