Error type 6 at Line 6: rvalue appears on the left-hand side of the assignment operator: 
