Error type B at Line 2: Missing closing parenthesis '(' and ')'
Error type B at Line 5: Missing closing parenthesis '(' and ')'
Error type B at Line 3: Missing closing parenthesis '(' and ')'
