Error type 1 at Line 12: a variable is used without a definition: poke2
