Error type B at Line 3: Redundant semicolon
Error type B at Line 5: Missing semicolon ';'
Error type B at Line 2: Missing closing parenthesis '{' and '}'
