Error type B at Line 12: Missing closing parenthesis '[' and ']'
Error type A at Line 14: unknown lexeme 3test
