Error type 13 at Line 19: accessing members of a non-structure variable: get int.
Error type 13 at Line 19: accessing members of a non-structure variable: get int.
