Error type A at Line 6: unknown lexeme @
Error type B at Line 6: Missing semicolon ';'
