Error type 9 at Line 12: a functionâ€™s arguments mismatch the declared parameters: mismatch type in function compare, expect int, get float.
